Error 1 tes tes.stpp Error Function call must be inside a test or a function