Start Test say hello
    Command | command=echo | target=hello, world | value=
End Test say hello